                              1 ;--------------------------------------------------------
                              2 ; File Created by SDCC : FreeWare ANSI-C Compiler
                              3 ; Version 2.3.1 Fri Aug  4 01:27:47 2017
                              4 
                              5 ;--------------------------------------------------------
                              6 	.module _iscntrl
                              7 	
                              8 ;--------------------------------------------------------
                              9 ; Public variables in this module
                             10 ;--------------------------------------------------------
                             11 	.globl _iscntrl
                             12 ;--------------------------------------------------------
                             13 ; special function registers
                             14 ;--------------------------------------------------------
                             15 ;--------------------------------------------------------
                             16 ; special function bits 
                             17 ;--------------------------------------------------------
                             18 ;--------------------------------------------------------
                             19 ; internal ram data
                             20 ;--------------------------------------------------------
                             21 	.area _DATA
                             22 ;--------------------------------------------------------
                             23 ; overlayable items in internal ram 
                             24 ;--------------------------------------------------------
                             25 	.area _OVERLAY
                             26 ;--------------------------------------------------------
                             27 ; indirectly addressable internal ram data
                             28 ;--------------------------------------------------------
                             29 	.area _ISEG
                             30 ;--------------------------------------------------------
                             31 ; bit data
                             32 ;--------------------------------------------------------
                             33 	.area _BSEG
                             34 ;--------------------------------------------------------
                             35 ; external ram data
                             36 ;--------------------------------------------------------
                             37 	.area _XSEG
                             38 ;--------------------------------------------------------
                             39 ; global & static initialisations
                             40 ;--------------------------------------------------------
                             41 	.area _GSINIT
                             42 	.area _GSFINAL
                             43 	.area _GSINIT
                             44 ;--------------------------------------------------------
                             45 ; Home
                             46 ;--------------------------------------------------------
                             47 	.area _HOME
                             48 	.area _CODE
                             49 ;--------------------------------------------------------
                             50 ; code
                             51 ;--------------------------------------------------------
                             52 	.area _CODE
                             53 ;	_iscntrl.c 27
                             54 ;	genLabel
                             55 ;	genFunction
                             56 ;	---------------------------------
                             57 ; Function iscntrl
                             58 ; ---------------------------------
   0000                      59 ___iscntrl_start:
   0000                      60 _iscntrl:
                             61 	
                             62 ;	_iscntrl.c 30
                             63 ;	genCmpGt
                             64 ;	AOP_STK for 
   0000 3E 1F                65 	ld	a,#0x1F
   0002 F8 02                66 	lda	hl,2(sp)
   0004 96                   67 	sub	a,(hl)
   0005 D2r13s00             68 	jp	nc,00101$
                             69 ;	genCmpEq
                             70 ;	AOP_STK for 
                             71 ; genCmpEq: left 1, right 1, result 0
   0008 7E                   72 	ld	a,(hl)
   0009 FE 7F                73 	cp	a,#0x7F
   000B C2r18s00             74 	jp	nz,00102$
   000E 18 03                75 	jr	00108$
   0010                      76 00107$:
   0010 C3r18s00             77 	jp	00102$
   0013                      78 00108$:
                             79 ;	genLabel
   0013                      80 00101$:
                             81 ;	_iscntrl.c 31
                             82 ;	genRet
   0013 1E 01                83 	ld	e,#0x01
   0015 C3r1As00             84 	jp	00104$
                             85 ;	genLabel
   0018                      86 00102$:
                             87 ;	_iscntrl.c 32
                             88 ;	genRet
   0018 1E 00                89 	ld	e,#0x00
                             90 ;	genLabel
   001A                      91 00104$:
                             92 ;	genEndFunction
                             93 	
   001A C9                   94 	ret
   001B                      95 ___iscntrl_end:
                             96 	.area _CODE
