                              1 ;--------------------------------------------------------
                              2 ; File Created by SDCC : FreeWare ANSI-C Compiler
                              3 ; Version 2.3.1 Fri Aug  4 01:27:48 2017
                              4 
                              5 ;--------------------------------------------------------
                              6 	.module _islower
                              7 	
                              8 ;--------------------------------------------------------
                              9 ; Public variables in this module
                             10 ;--------------------------------------------------------
                             11 	.globl _islower
                             12 ;--------------------------------------------------------
                             13 ; special function registers
                             14 ;--------------------------------------------------------
                             15 ;--------------------------------------------------------
                             16 ; special function bits 
                             17 ;--------------------------------------------------------
                             18 ;--------------------------------------------------------
                             19 ; internal ram data
                             20 ;--------------------------------------------------------
                             21 	.area _DATA
                             22 ;--------------------------------------------------------
                             23 ; overlayable items in internal ram 
                             24 ;--------------------------------------------------------
                             25 	.area _OVERLAY
                             26 ;--------------------------------------------------------
                             27 ; indirectly addressable internal ram data
                             28 ;--------------------------------------------------------
                             29 	.area _ISEG
                             30 ;--------------------------------------------------------
                             31 ; bit data
                             32 ;--------------------------------------------------------
                             33 	.area _BSEG
                             34 ;--------------------------------------------------------
                             35 ; external ram data
                             36 ;--------------------------------------------------------
                             37 	.area _XSEG
                             38 ;--------------------------------------------------------
                             39 ; global & static initialisations
                             40 ;--------------------------------------------------------
                             41 	.area _GSINIT
                             42 	.area _GSFINAL
                             43 	.area _GSINIT
                             44 ;--------------------------------------------------------
                             45 ; Home
                             46 ;--------------------------------------------------------
                             47 	.area _HOME
                             48 	.area _CODE
                             49 ;--------------------------------------------------------
                             50 ; code
                             51 ;--------------------------------------------------------
                             52 	.area _CODE
                             53 ;	_islower.c 25
                             54 ;	genLabel
                             55 ;	genFunction
                             56 ;	---------------------------------
                             57 ; Function islower
                             58 ; ---------------------------------
   0000                      59 ___islower_start:
   0000                      60 _islower:
                             61 	
                             62 ;	_islower.c 28
                             63 ;	genCmpLt
                             64 ;	AOP_STK for 
   0000 F8 02                65 	lda	hl,2(sp)
   0002 7E                   66 	ld	a,(hl)
   0003 FE 61                67 	cp	#0x61
   0005 DAr13s00             68 	jp	c,00102$
                             69 ;	genCmpGt
                             70 ;	AOP_STK for 
   0008 3E 7A                71 	ld	a,#0x7A
   000A 96                   72 	sub	a,(hl)
   000B DAr13s00             73 	jp	c,00102$
                             74 ;	_islower.c 29
                             75 ;	genRet
   000E 1E 01                76 	ld	e,#0x01
   0010 C3r15s00             77 	jp	00104$
                             78 ;	genLabel
   0013                      79 00102$:
                             80 ;	_islower.c 30
                             81 ;	genRet
   0013 1E 00                82 	ld	e,#0x00
                             83 ;	genLabel
   0015                      84 00104$:
                             85 ;	genEndFunction
                             86 	
   0015 C9                   87 	ret
   0016                      88 ___islower_end:
                             89 	.area _CODE
