                              1 ;--------------------------------------------------------
                              2 ; File Created by SDCC : FreeWare ANSI-C Compiler
                              3 ; Version 2.3.1 Fri Aug  4 01:27:48 2017
                              4 
                              5 ;--------------------------------------------------------
                              6 	.module _isspace
                              7 	
                              8 ;--------------------------------------------------------
                              9 ; Public variables in this module
                             10 ;--------------------------------------------------------
                             11 	.globl _isspace
                             12 ;--------------------------------------------------------
                             13 ; special function registers
                             14 ;--------------------------------------------------------
                             15 ;--------------------------------------------------------
                             16 ; special function bits 
                             17 ;--------------------------------------------------------
                             18 ;--------------------------------------------------------
                             19 ; internal ram data
                             20 ;--------------------------------------------------------
                             21 	.area _DATA
                             22 ;--------------------------------------------------------
                             23 ; overlayable items in internal ram 
                             24 ;--------------------------------------------------------
                             25 	.area _OVERLAY
                             26 ;--------------------------------------------------------
                             27 ; indirectly addressable internal ram data
                             28 ;--------------------------------------------------------
                             29 	.area _ISEG
                             30 ;--------------------------------------------------------
                             31 ; bit data
                             32 ;--------------------------------------------------------
                             33 	.area _BSEG
                             34 ;--------------------------------------------------------
                             35 ; external ram data
                             36 ;--------------------------------------------------------
                             37 	.area _XSEG
                             38 ;--------------------------------------------------------
                             39 ; global & static initialisations
                             40 ;--------------------------------------------------------
                             41 	.area _GSINIT
                             42 	.area _GSFINAL
                             43 	.area _GSINIT
                             44 ;--------------------------------------------------------
                             45 ; Home
                             46 ;--------------------------------------------------------
                             47 	.area _HOME
                             48 	.area _CODE
                             49 ;--------------------------------------------------------
                             50 ; code
                             51 ;--------------------------------------------------------
                             52 	.area _CODE
                             53 ;	_isspace.c 24
                             54 ;	genLabel
                             55 ;	genFunction
                             56 ;	---------------------------------
                             57 ; Function isspace
                             58 ; ---------------------------------
   0000                      59 ___isspace_start:
   0000                      60 _isspace:
                             61 	
                             62 ;	_isspace.c 27
                             63 ;	genCmpEq
                             64 ;	AOP_STK for 
                             65 ; genCmpEq: left 1, right 1, result 0
   0000 F8 02                66 	lda	hl,2(sp)
   0002 7E                   67 	ld	a,(hl)
   0003 FE 20                68 	cp	a,#0x20
   0005 CAr35s00             69 	jp	z,00101$
   0008                      70 00115$:
                             71 ;	_isspace.c 28
                             72 ;	genCmpEq
                             73 ;	AOP_STK for 
                             74 ; genCmpEq: left 1, right 1, result 0
   0008 F8 02                75 	lda	hl,2(sp)
   000A 7E                   76 	ld	a,(hl)
   000B FE 0C                77 	cp	a,#0x0C
   000D CAr35s00             78 	jp	z,00101$
   0010                      79 00116$:
                             80 ;	_isspace.c 29
                             81 ;	genCmpEq
                             82 ;	AOP_STK for 
                             83 ; genCmpEq: left 1, right 1, result 0
   0010 F8 02                84 	lda	hl,2(sp)
   0012 7E                   85 	ld	a,(hl)
   0013 FE 0A                86 	cp	a,#0x0A
   0015 CAr35s00             87 	jp	z,00101$
   0018                      88 00117$:
                             89 ;	_isspace.c 30
                             90 ;	genCmpEq
                             91 ;	AOP_STK for 
                             92 ; genCmpEq: left 1, right 1, result 0
   0018 F8 02                93 	lda	hl,2(sp)
   001A 7E                   94 	ld	a,(hl)
   001B FE 0D                95 	cp	a,#0x0D
   001D CAr35s00             96 	jp	z,00101$
   0020                      97 00118$:
                             98 ;	_isspace.c 31
                             99 ;	genCmpEq
                            100 ;	AOP_STK for 
                            101 ; genCmpEq: left 1, right 1, result 0
   0020 F8 02               102 	lda	hl,2(sp)
   0022 7E                  103 	ld	a,(hl)
   0023 FE 09               104 	cp	a,#0x09
   0025 CAr35s00            105 	jp	z,00101$
   0028                     106 00119$:
                            107 ;	_isspace.c 32
                            108 ;	genCmpEq
                            109 ;	AOP_STK for 
                            110 ; genCmpEq: left 1, right 1, result 0
   0028 F8 02               111 	lda	hl,2(sp)
   002A 7E                  112 	ld	a,(hl)
   002B FE 0B               113 	cp	a,#0x0B
   002D C2r3As00            114 	jp	nz,00102$
   0030 18 03               115 	jr	00121$
   0032                     116 00120$:
   0032 C3r3As00            117 	jp	00102$
   0035                     118 00121$:
                            119 ;	genLabel
   0035                     120 00101$:
                            121 ;	_isspace.c 33
                            122 ;	genRet
   0035 1E 01               123 	ld	e,#0x01
   0037 C3r3Cs00            124 	jp	00108$
                            125 ;	genLabel
   003A                     126 00102$:
                            127 ;	_isspace.c 34
                            128 ;	genRet
   003A 1E 00               129 	ld	e,#0x00
                            130 ;	genLabel
   003C                     131 00108$:
                            132 ;	genEndFunction
                            133 	
   003C C9                  134 	ret
   003D                     135 ___isspace_end:
                            136 	.area _CODE
