                              1 ;--------------------------------------------------------
                              2 ; File Created by SDCC : FreeWare ANSI-C Compiler
                              3 ; Version 2.3.1 Fri Aug  4 01:27:50 2017
                              4 
                              5 ;--------------------------------------------------------
                              6 	.module _strcpy
                              7 	
                              8 ;--------------------------------------------------------
                              9 ; Public variables in this module
                             10 ;--------------------------------------------------------
                             11 	.globl _strcpy
                             12 ;--------------------------------------------------------
                             13 ; special function registers
                             14 ;--------------------------------------------------------
                             15 ;--------------------------------------------------------
                             16 ; special function bits 
                             17 ;--------------------------------------------------------
                             18 ;--------------------------------------------------------
                             19 ; internal ram data
                             20 ;--------------------------------------------------------
                             21 	.area _DATA
                             22 ;--------------------------------------------------------
                             23 ; overlayable items in internal ram 
                             24 ;--------------------------------------------------------
                             25 	.area _OVERLAY
                             26 ;--------------------------------------------------------
                             27 ; indirectly addressable internal ram data
                             28 ;--------------------------------------------------------
                             29 	.area _ISEG
                             30 ;--------------------------------------------------------
                             31 ; bit data
                             32 ;--------------------------------------------------------
                             33 	.area _BSEG
                             34 ;--------------------------------------------------------
                             35 ; external ram data
                             36 ;--------------------------------------------------------
                             37 	.area _XSEG
                             38 ;--------------------------------------------------------
                             39 ; global & static initialisations
                             40 ;--------------------------------------------------------
                             41 	.area _GSINIT
                             42 	.area _GSFINAL
                             43 	.area _GSINIT
                             44 ;--------------------------------------------------------
                             45 ; Home
                             46 ;--------------------------------------------------------
                             47 	.area _HOME
                             48 	.area _CODE
                             49 ;--------------------------------------------------------
                             50 ; code
                             51 ;--------------------------------------------------------
                             52 	.area _CODE
                             53 ;	_strcpy.c 31
                             54 ;	genLabel
                             55 ;	genFunction
                             56 ;	---------------------------------
                             57 ; Function strcpy
                             58 ; ---------------------------------
   0000                      59 ___strcpy_start:
   0000                      60 _strcpy:
   0000 E8 FC                61 	lda	sp,-4(sp)
                             62 ;	_strcpy.c 36
                             63 ;	genAssign
                             64 ;	AOP_STK for 
                             65 ;	AOP_STK for _strcpy_to_1_1
   0002 F8 06                66 	lda	hl,6(sp)
   0004 2A                   67 	ld	a,(hl+)
   0005 5E                   68 	ld	e,(hl)
   0006 F8 02                69 	lda	hl,2(sp)
   0008 22                   70 	ld	(hl+),a
   0009 73                   71 	ld	(hl),e
                             72 ;	_strcpy.c 37
                             73 ;	genAssign
                             74 ;	AOP_STK for 
   000A F8 08                75 	lda	hl,8(sp)
   000C 4E                   76 	ld	c,(hl)
   000D 23                   77 	inc	hl
   000E 46                   78 	ld	b,(hl)
                             79 ;	_strcpy.c 39
                             80 ;	genAssign
                             81 ;	AOP_STK for _strcpy_from_1_1
   000F F8 00                82 	lda	hl,0(sp)
   0011 71                   83 	ld	(hl),c
   0012 23                   84 	inc	hl
   0013 70                   85 	ld	(hl),b
                             86 ;	genAssign
                             87 ;	AOP_STK for _strcpy_to_1_1
   0014 23                   88 	inc	hl
   0015 4E                   89 	ld	c,(hl)
   0016 23                   90 	inc	hl
   0017 46                   91 	ld	b,(hl)
                             92 ;	genLabel
   0018                      93 00101$:
                             94 ;	genPointerGet
                             95 ;	AOP_STK for _strcpy_from_1_1
   0018 F8 00                96 	lda	hl,0(sp)
   001A 5E                   97 	ld	e,(hl)
   001B 23                   98 	inc	hl
   001C 56                   99 	ld	d,(hl)
   001D 1A                  100 	ld	a,(de)
                            101 ;	genPlus
                            102 ;	AOP_STK for _strcpy_from_1_1
                            103 ;	genPlusIncr
   001E 2B                  104 	dec	hl
   001F 34                  105 	inc	(hl)
   0020 20 02               106 	jr	nz,00108$
   0022 23                  107 	inc	hl
   0023 34                  108 	inc	(hl)
   0024                     109 00108$:
                            110 ;	genAssign (pointer)
   0024 02                  111 	ld	(bc),a
                            112 ;	genPlus
                            113 ;	genPlusIncr
   0025 03                  114 	inc	bc
                            115 ;	genIfx
   0026 B7                  116 	or	a,a
   0027 C2r18s00            117 	jp	nz,00101$
                            118 ;	_strcpy.c 41
                            119 ;	genRet
                            120 ;	AOP_STK for 
   002A F8 06               121 	lda	hl,6(sp)
   002C 5E                  122 	ld	e,(hl)
   002D 23                  123 	inc	hl
   002E 56                  124 	ld	d,(hl)
                            125 ;	genLabel
   002F                     126 00104$:
                            127 ;	genEndFunction
   002F E8 04               128 	lda	sp,4(sp)
   0031 C9                  129 	ret
   0032                     130 ___strcpy_end:
                            131 	.area _CODE
