                              1 ;--------------------------------------------------------
                              2 ; File Created by SDCC : FreeWare ANSI-C Compiler
                              3 ; Version 2.3.1 Fri Aug  4 01:27:52 2017
                              4 
                              5 ;--------------------------------------------------------
                              6 	.module _strcat
                              7 	
                              8 ;--------------------------------------------------------
                              9 ; Public variables in this module
                             10 ;--------------------------------------------------------
                             11 	.globl _strcat
                             12 ;--------------------------------------------------------
                             13 ; special function registers
                             14 ;--------------------------------------------------------
                             15 ;--------------------------------------------------------
                             16 ; special function bits 
                             17 ;--------------------------------------------------------
                             18 ;--------------------------------------------------------
                             19 ; internal ram data
                             20 ;--------------------------------------------------------
                             21 	.area _DATA
                             22 ;--------------------------------------------------------
                             23 ; overlayable items in internal ram 
                             24 ;--------------------------------------------------------
                             25 	.area _OVERLAY
                             26 ;--------------------------------------------------------
                             27 ; indirectly addressable internal ram data
                             28 ;--------------------------------------------------------
                             29 	.area _ISEG
                             30 ;--------------------------------------------------------
                             31 ; bit data
                             32 ;--------------------------------------------------------
                             33 	.area _BSEG
                             34 ;--------------------------------------------------------
                             35 ; external ram data
                             36 ;--------------------------------------------------------
                             37 	.area _XSEG
                             38 ;--------------------------------------------------------
                             39 ; global & static initialisations
                             40 ;--------------------------------------------------------
                             41 	.area _GSINIT
                             42 	.area _GSFINAL
                             43 	.area _GSINIT
                             44 ;--------------------------------------------------------
                             45 ; Home
                             46 ;--------------------------------------------------------
                             47 	.area _HOME
                             48 	.area _CODE
                             49 ;--------------------------------------------------------
                             50 ; code
                             51 ;--------------------------------------------------------
                             52 	.area _CODE
                             53 ;	_strcat.c 26
                             54 ;	genLabel
                             55 ;	genFunction
                             56 ;	---------------------------------
                             57 ; Function strcat
                             58 ; ---------------------------------
   0000                      59 ___strcat_start:
   0000                      60 _strcat:
                             61 	
                             62 ;	_strcat.c 31
                             63 ;	genAssign
                             64 ;	AOP_STK for 
   0000 F8 02                65 	lda	hl,2(sp)
   0002 4E                   66 	ld	c,(hl)
   0003 23                   67 	inc	hl
   0004 46                   68 	ld	b,(hl)
                             69 ;	_strcat.c 33
                             70 ;	genAssign
                             71 ;	(registers are the same)
                             72 ;	genLabel
   0005                      73 00101$:
                             74 ;	genPointerGet
   0005 0A                   75 	ld	a,(bc)
                             76 ;	genIfx
   0006 B7                   77 	or	a,a
   0007 CAr0Es00             78 	jp	z,00111$
                             79 ;	_strcat.c 34
                             80 ;	genPlus
                             81 ;	genPlusIncr
   000A 03                   82 	inc	bc
                             83 ;	genGoto
   000B C3r05s00             84 	jp	00101$
                             85 ;	_strcat.c 36
                             86 ;	genLabel
   000E                      87 00111$:
                             88 ;	genAssign
                             89 ;	(operands are equal 3)
                             90 ;	genAssign
                             91 ;	(registers are the same)
                             92 ;	genLabel
   000E                      93 00104$:
                             94 ;	genPointerGet
                             95 ;	AOP_STK for 
   000E F8 04                96 	lda	hl,4(sp)
   0010 5E                   97 	ld	e,(hl)
   0011 23                   98 	inc	hl
   0012 56                   99 	ld	d,(hl)
   0013 1A                  100 	ld	a,(de)
                            101 ;	genPlus
                            102 ;	AOP_STK for 
                            103 ;	genPlusIncr
   0014 2B                  104 	dec	hl
   0015 34                  105 	inc	(hl)
   0016 20 02               106 	jr	nz,00113$
   0018 23                  107 	inc	hl
   0019 34                  108 	inc	(hl)
   001A                     109 00113$:
                            110 ;	genAssign (pointer)
   001A 02                  111 	ld	(bc),a
                            112 ;	genPlus
                            113 ;	genPlusIncr
   001B 03                  114 	inc	bc
                            115 ;	genIfx
   001C B7                  116 	or	a,a
   001D C2r0Es00            117 	jp	nz,00104$
                            118 ;	_strcat.c 38
                            119 ;	genRet
                            120 ;	AOP_STK for 
   0020 F8 02               121 	lda	hl,2(sp)
   0022 5E                  122 	ld	e,(hl)
   0023 23                  123 	inc	hl
   0024 56                  124 	ld	d,(hl)
                            125 ;	genLabel
   0025                     126 00107$:
                            127 ;	genEndFunction
                            128 	
   0025 C9                  129 	ret
   0026                     130 ___strcat_end:
                            131 	.area _CODE
