                              1 ;--------------------------------------------------------
                              2 ; File Created by SDCC : FreeWare ANSI-C Compiler
                              3 ; Version 2.3.1 Fri Aug  4 01:27:50 2017
                              4 
                              5 ;--------------------------------------------------------
                              6 	.module _strlen
                              7 	
                              8 ;--------------------------------------------------------
                              9 ; Public variables in this module
                             10 ;--------------------------------------------------------
                             11 	.globl _strlen
                             12 ;--------------------------------------------------------
                             13 ; special function registers
                             14 ;--------------------------------------------------------
                             15 ;--------------------------------------------------------
                             16 ; special function bits 
                             17 ;--------------------------------------------------------
                             18 ;--------------------------------------------------------
                             19 ; internal ram data
                             20 ;--------------------------------------------------------
                             21 	.area _DATA
                             22 ;--------------------------------------------------------
                             23 ; overlayable items in internal ram 
                             24 ;--------------------------------------------------------
                             25 	.area _OVERLAY
                             26 ;--------------------------------------------------------
                             27 ; indirectly addressable internal ram data
                             28 ;--------------------------------------------------------
                             29 	.area _ISEG
                             30 ;--------------------------------------------------------
                             31 ; bit data
                             32 ;--------------------------------------------------------
                             33 	.area _BSEG
                             34 ;--------------------------------------------------------
                             35 ; external ram data
                             36 ;--------------------------------------------------------
                             37 	.area _XSEG
                             38 ;--------------------------------------------------------
                             39 ; global & static initialisations
                             40 ;--------------------------------------------------------
                             41 	.area _GSINIT
                             42 	.area _GSFINAL
                             43 	.area _GSINIT
                             44 ;--------------------------------------------------------
                             45 ; Home
                             46 ;--------------------------------------------------------
                             47 	.area _HOME
                             48 	.area _CODE
                             49 ;--------------------------------------------------------
                             50 ; code
                             51 ;--------------------------------------------------------
                             52 	.area _CODE
                             53 ;	_strlen.c 27
                             54 ;	genLabel
                             55 ;	genFunction
                             56 ;	---------------------------------
                             57 ; Function strlen
                             58 ; ---------------------------------
   0000                      59 ___strlen_start:
   0000                      60 _strlen:
   0000 E8 FE                61 	lda	sp,-2(sp)
                             62 ;	_strlen.c 31
                             63 ;	genAssign
                             64 ;	AOP_STK for _strlen_i_1_1
   0002 F8 00                65 	lda	hl,0(sp)
   0004 36 00                66 	ld	(hl),#0x00
   0006 23                   67 	inc	hl
   0007 36 00                68 	ld	(hl),#0x00
                             69 ;	genAssign
                             70 ;	AOP_STK for 
   0009 F8 04                71 	lda	hl,4(sp)
   000B 4E                   72 	ld	c,(hl)
   000C 23                   73 	inc	hl
   000D 46                   74 	ld	b,(hl)
                             75 ;	genLabel
   000E                      76 00101$:
                             77 ;	genPointerGet
   000E 0A                   78 	ld	a,(bc)
                             79 ;	genPlus
                             80 ;	genPlusIncr
   000F 03                   81 	inc	bc
                             82 ;	genIfx
   0010 B7                   83 	or	a,a
   0011 CAr1Es00             84 	jp	z,00103$
                             85 ;	_strlen.c 32
                             86 ;	genPlus
                             87 ;	AOP_STK for _strlen_i_1_1
                             88 ;	genPlusIncr
   0014 F8 00                89 	lda	hl,0(sp)
   0016 34                   90 	inc	(hl)
   0017 20 02                91 	jr	nz,00108$
   0019 23                   92 	inc	hl
   001A 34                   93 	inc	(hl)
   001B                      94 00108$:
                             95 ;	genGoto
   001B C3r0Es00             96 	jp	00101$
                             97 ;	genLabel
   001E                      98 00103$:
                             99 ;	_strlen.c 34
                            100 ;	genRet
                            101 ;	AOP_STK for _strlen_i_1_1
   001E F8 00               102 	lda	hl,0(sp)
   0020 5E                  103 	ld	e,(hl)
   0021 23                  104 	inc	hl
   0022 56                  105 	ld	d,(hl)
                            106 ;	genLabel
   0023                     107 00104$:
                            108 ;	genEndFunction
   0023 E8 02               109 	lda	sp,2(sp)
   0025 C9                  110 	ret
   0026                     111 ___strlen_end:
                            112 	.area _CODE
