                              1 ;--------------------------------------------------------
                              2 ; File Created by SDCC : FreeWare ANSI-C Compiler
                              3 ; Version 2.3.1 Fri Aug  4 01:27:49 2017
                              4 
                              5 ;--------------------------------------------------------
                              6 	.module _strchr
                              7 	
                              8 ;--------------------------------------------------------
                              9 ; Public variables in this module
                             10 ;--------------------------------------------------------
                             11 	.globl _strchr
                             12 ;--------------------------------------------------------
                             13 ; special function registers
                             14 ;--------------------------------------------------------
                             15 ;--------------------------------------------------------
                             16 ; special function bits 
                             17 ;--------------------------------------------------------
                             18 ;--------------------------------------------------------
                             19 ; internal ram data
                             20 ;--------------------------------------------------------
                             21 	.area _DATA
                             22 ;--------------------------------------------------------
                             23 ; overlayable items in internal ram 
                             24 ;--------------------------------------------------------
                             25 	.area _OVERLAY
                             26 ;--------------------------------------------------------
                             27 ; indirectly addressable internal ram data
                             28 ;--------------------------------------------------------
                             29 	.area _ISEG
                             30 ;--------------------------------------------------------
                             31 ; bit data
                             32 ;--------------------------------------------------------
                             33 	.area _BSEG
                             34 ;--------------------------------------------------------
                             35 ; external ram data
                             36 ;--------------------------------------------------------
                             37 	.area _XSEG
                             38 ;--------------------------------------------------------
                             39 ; global & static initialisations
                             40 ;--------------------------------------------------------
                             41 	.area _GSINIT
                             42 	.area _GSFINAL
                             43 	.area _GSINIT
                             44 ;--------------------------------------------------------
                             45 ; Home
                             46 ;--------------------------------------------------------
                             47 	.area _HOME
                             48 	.area _CODE
                             49 ;--------------------------------------------------------
                             50 ; code
                             51 ;--------------------------------------------------------
                             52 	.area _CODE
                             53 ;	_strchr.c 27
                             54 ;	genLabel
                             55 ;	genFunction
                             56 ;	---------------------------------
                             57 ; Function strchr
                             58 ; ---------------------------------
   0000                      59 ___strchr_start:
   0000                      60 _strchr:
   0000 E8 FF                61 	lda	sp,-1(sp)
                             62 ;	_strchr.c 32
                             63 ;	genAssign
                             64 ;	AOP_STK for 
   0002 F8 03                65 	lda	hl,3(sp)
   0004 4E                   66 	ld	c,(hl)
   0005 23                   67 	inc	hl
   0006 46                   68 	ld	b,(hl)
                             69 ;	genLabel
   0007                      70 00102$:
                             71 ;	genPointerGet
                             72 ;	AOP_STK for _strchr_sloc0_1_0
   0007 0A                   73 	ld	a,(bc)
   0008 F8 00                74 	lda	hl,0(sp)
   000A 77                   75 	ld	(hl),a
                             76 ;	genIfx
                             77 ;	AOP_STK for _strchr_sloc0_1_0
   000B AF                   78 	xor	a,a
   000C B6                   79 	or	a,(hl)
   000D CAr1Fs00             80 	jp	z,00104$
                             81 ;	genCmpEq
                             82 ;	AOP_STK for _strchr_sloc0_1_0
                             83 ;	AOP_STK for 
                             84 ; genCmpEq: left 1, right 1, result 0
   0010 F8 05                85 	lda	hl,5(sp)
   0012 7E                   86 	ld	a,(hl)
   0013 F8 00                87 	lda	hl,0(sp)
   0015 BE                   88 	cp	(hl)
   0016 20 03                89 	jr	nz,00113$
   0018 C3r1Fs00             90 	jp	00104$
   001B                      91 00113$:
                             92 ;	_strchr.c 33
                             93 ;	genPlus
                             94 ;	genPlusIncr
   001B 03                   95 	inc	bc
                             96 ;	genGoto
   001C C3r07s00             97 	jp	00102$
                             98 ;	genLabel
   001F                      99 00104$:
                            100 ;	_strchr.c 35
                            101 ;	genCmpEq
                            102 ;	AOP_STK for _strchr_sloc0_1_0
                            103 ;	AOP_STK for 
                            104 ; genCmpEq: left 1, right 1, result 0
   001F F8 05               105 	lda	hl,5(sp)
   0021 7E                  106 	ld	a,(hl)
   0022 F8 00               107 	lda	hl,0(sp)
   0024 BE                  108 	cp	(hl)
   0025 20 02               109 	jr	nz,00114$
   0027 18 03               110 	jr	00115$
   0029                     111 00114$:
   0029 C3r31s00            112 	jp	00106$
   002C                     113 00115$:
                            114 ;	_strchr.c 36
                            115 ;	genRet
   002C 59                  116 	ld	e,c
   002D 50                  117 	ld	d,b
   002E C3r34s00            118 	jp	00107$
                            119 ;	genLabel
   0031                     120 00106$:
                            121 ;	_strchr.c 37
                            122 ;	genRet
   0031 11 00 00            123 	ld	de,#0x0000
                            124 ;	genLabel
   0034                     125 00107$:
                            126 ;	genEndFunction
   0034 E8 01               127 	lda	sp,1(sp)
   0036 C9                  128 	ret
   0037                     129 ___strchr_end:
                            130 	.area _CODE
